// Generated using SwiftGen, by O.Halligon â€” https://github.com/AliSoftware/SwiftGen

import Foundation

// swiftlint:disable file_length
// swiftlint:disable type_body_length
// swiftlint:disable nesting
// swiftlint:disable variable_name
// swiftlint:disable valid_docs

struct L10n {
  /// Title of the alert
  static let AlertTitle = L10n.tr("alert_title")
  /// Some alert body there
  static let AlertMessage = L10n.tr("alert_message")
  /// Hello, my name is %@ and I'm %d
  static func Greetings(p0: String, p1: Int) -> String {
    return L10n.tr("greetings", p0, p1)
  }
  /// These are %3$@'s %1$d %2$@.
  static func ObjectOwnership(p0: Int, p1: String, p2: String) -> String {
    return L10n.tr("ObjectOwnership", p0, p1, p2)
  }

  struct Apples {
    /// You have %d apples
    static func Count(p0: Int) -> String {
      return L10n.tr("apples.count", p0)
    }
  }

  struct Bananas {
    /// Those %d bananas belong to %@.
    static func Owner(p0: Int, p1: String) -> String {
      return L10n.tr("bananas.owner", p0, p1)
    }
  }

  struct Settings {

    struct NavigationBar {

      struct Title {

        struct Even {
          /// Settings
          static let Deeper = L10n.tr("settings.navigation-bar.title.even.deeper")

          struct Deeper {

            struct Than {
              /// DeepSettings
              static let WeCanHandle = L10n.tr("settings.navigation-bar.title.even.deeper.than.we.can.handle")
            }
          }
        }
      }
    }

    struct UserProfileSection {
      /// User Profile Settings
      static let HEADERTITLE = L10n.tr("SETTINGS.USER_PROFILE_SECTION.HEADER_TITLE")
      /// Here you can change some user profile settings.
      static let FooterText = L10n.tr("seTTings.uSer-proFile-sectioN.footer_text")
    }
  }
}

extension L10n {
  private static func tr(key: String, _ args: CVarArgType...) -> String {
    let format = NSLocalizedString(key, comment: "")
    return String(format: format, locale: NSLocale.currentLocale(), arguments: args)
  }
}

// swiftlint:enable type_body_length
// swiftlint:enable nesting
// swiftlint:enable variable_name
// swiftlint:enable valid_docs
